cdk/drag-drop/all-directives: 153589
cdk/drag-drop/basic: 151067
material-experimental/mdc-chips/basic: 228960
material-experimental/mdc-form-field/advanced: 263071
material-experimental/mdc-form-field/basic: 261520
material/autocomplete/without-optgroup: 271956
material/button-toggle/standalone: 188227
material/chips/basic: 225027
material/datepicker/range-picker/without-form-field: 383794
material/expansion/without-accordion: 197936
material/form-field/advanced: 242955
material/form-field/basic: 241344
material/list/nav-list: 193236
material/menu/without-lazy-content: 276217
material/radio/without-group: 191753
material/select/basic: 317415
material/tabs/advanced: 254738
material/tabs/basic: 253876
